12:08:32 **** Incremental Build of configuration Debug for project 03_Nonblocking ****
make -j4 all 
arm-none-eabi-gcc "../Core/Src/main.c" -mcpu=cortex-m4 -std=gnu11 -g3 -DDEBUG -DUSE_HAL_DRIVER -DSTM32F411xE -c -I../Core/Inc -I../Drivers/STM32F4xx_HAL_Driver/Inc -I../Drivers/STM32F4xx_HAL_Driver/Inc/Legacy -I../Drivers/CMSIS/Device/ST/STM32F4xx/Include -I../Drivers/CMSIS/Include -O0 -ffunction-sections -fdata-sections -Wall -fstack-usage -fcyclomatic-complexity -MMD -MP -MF"Core/Src/main.d" -MT"Core/Src/main.o" --specs=nano.specs -mfpu=fpv4-sp-d16 -mfloat-abi=hard -mthumb -o "Core/Src/main.o"
arm-none-eabi-gcc -o "03_Nonblocking.elf" @"objects.list"   -mcpu=cortex-m4 -T"C:\DATA\SOC_workspace\stm32\03_Nonblocking\STM32F411RETX_FLASH.ld" --specs=nosys.specs -Wl,-Map="03_Nonblocking.map" -Wl,--gc-sections -static --specs=nano.specs -mfpu=fpv4-sp-d16 -mfloat-abi=hard -mthumb -Wl,--start-group -lc -lm -Wl,--end-group
Finished building target: 03_Nonblocking.elf
 
arm-none-eabi-size  03_Nonblocking.elf 
arm-none-eabi-objdump -h -S 03_Nonblocking.elf  > "03_Nonblocking.list"
   text	   data	    bss	    dec	    hex	filename
   6000	     12	   1572	   7584	   1da0	03_Nonblocking.elf
Finished building: default.size.stdout
 
Finished building: 03_Nonblocking.list
 

12:08:33 Build Finished. 0 errors, 0 warnings. (took 981ms)

