15:50:56 **** Incremental Build of configuration Debug for project 06_Timer_usec ****
make -j4 all 
arm-none-eabi-gcc "../Core/Src/gpio.c" -mcpu=cortex-m4 -std=gnu11 -g3 -DDEBUG -DUSE_HAL_DRIVER -DSTM32F411xE -c -I../Core/Inc -I../Drivers/STM32F4xx_HAL_Driver/Inc -I../Drivers/STM32F4xx_HAL_Driver/Inc/Legacy -I../Drivers/CMSIS/Device/ST/STM32F4xx/Include -I../Drivers/CMSIS/Include -O0 -ffunction-sections -fdata-sections -Wall -fstack-usage -fcyclomatic-complexity -MMD -MP -MF"Core/Src/gpio.d" -MT"Core/Src/gpio.o" --specs=nano.specs -mfpu=fpv4-sp-d16 -mfloat-abi=hard -mthumb -o "Core/Src/gpio.o"
arm-none-eabi-gcc -o "06_Timer_usec.elf" @"objects.list"   -mcpu=cortex-m4 -T"C:\DATA\SOC_workspace\stm32\06_Timer_usec\STM32F411RETX_FLASH.ld" --specs=nosys.specs -Wl,-Map="06_Timer_usec.map" -Wl,--gc-sections -static --specs=nano.specs -mfpu=fpv4-sp-d16 -mfloat-abi=hard -mthumb -Wl,--start-group -lc -lm -Wl,--end-group
Finished building target: 06_Timer_usec.elf
 
arm-none-eabi-size  06_Timer_usec.elf 
arm-none-eabi-objdump -h -S 06_Timer_usec.elf  > "06_Timer_usec.list"
   text	   data	    bss	    dec	    hex	filename
   6668	     12	   1644	   8324	   2084	06_Timer_usec.elf
Finished building: default.size.stdout
 
Finished building: 06_Timer_usec.list
 

15:50:57 Build Finished. 0 errors, 0 warnings. (took 1s.179ms)

