11:08:31 **** Incremental Build of configuration Debug for project 07_PWM ****
make -j4 all 
arm-none-eabi-gcc "../Core/Src/main.c" -mcpu=cortex-m4 -std=gnu11 -g3 -DDEBUG -DUSE_HAL_DRIVER -DSTM32F411xE -c -I../Core/Inc -I../Drivers/STM32F4xx_HAL_Driver/Inc -I../Drivers/STM32F4xx_HAL_Driver/Inc/Legacy -I../Drivers/CMSIS/Device/ST/STM32F4xx/Include -I../Drivers/CMSIS/Include -O0 -ffunction-sections -fdata-sections -Wall -fstack-usage -fcyclomatic-complexity -MMD -MP -MF"Core/Src/main.d" -MT"Core/Src/main.o" --specs=nano.specs -mfpu=fpv4-sp-d16 -mfloat-abi=hard -mthumb -o "Core/Src/main.o"
arm-none-eabi-gcc -o "07_PWM.elf" @"objects.list"   -mcpu=cortex-m4 -T"C:\DATA\SOC_workspace\stm32\07_PWM\STM32F411RETX_FLASH.ld" --specs=nosys.specs -Wl,-Map="07_PWM.map" -Wl,--gc-sections -static --specs=nano.specs -mfpu=fpv4-sp-d16 -mfloat-abi=hard -mthumb -Wl,--start-group -lc -lm -Wl,--end-group
Finished building target: 07_PWM.elf
 
arm-none-eabi-size  07_PWM.elf 
arm-none-eabi-objdump -h -S 07_PWM.elf  > "07_PWM.list"
   text	   data	    bss	    dec	    hex	filename
  14136	     12	   1716	  15864	   3df8	07_PWM.elf
Finished building: default.size.stdout
 
Finished building: 07_PWM.list
 

11:08:32 Build Finished. 0 errors, 0 warnings. (took 1s.33ms)

