11:48:31 **** Incremental Build of configuration Debug for project Personal_Project_Car ****
make -j4 all 
arm-none-eabi-gcc "../app/ap.c" -mcpu=cortex-m4 -std=gnu11 -g3 -DDEBUG -DUSE_HAL_DRIVER -DSTM32F411xE -c -I../Core/Inc -I../Drivers/STM32F4xx_HAL_Driver/Inc -I../Drivers/STM32F4xx_HAL_Driver/Inc/Legacy -I../Drivers/CMSIS/Device/ST/STM32F4xx/Include -I../Drivers/CMSIS/Include -I"C:/DATA/SOC_workspace/stm32/Personal_Project_Car/app" -I"C:/DATA/SOC_workspace/stm32/Personal_Project_Car/app/common" -I"C:/DATA/SOC_workspace/stm32/Personal_Project_Car/app/hw" -I"C:/DATA/SOC_workspace/stm32/Personal_Project_Car/app/hw/driver" -O0 -ffunction-sections -fdata-sections -Wall -fstack-usage -fcyclomatic-complexity -MMD -MP -MF"app/ap.d" -MT"app/ap.o" --specs=nano.specs -mfpu=fpv4-sp-d16 -mfloat-abi=hard -mthumb -o "app/ap.o"
arm-none-eabi-gcc "../Core/Src/main.c" -mcpu=cortex-m4 -std=gnu11 -g3 -DDEBUG -DUSE_HAL_DRIVER -DSTM32F411xE -c -I../Core/Inc -I../Drivers/STM32F4xx_HAL_Driver/Inc -I../Drivers/STM32F4xx_HAL_Driver/Inc/Legacy -I../Drivers/CMSIS/Device/ST/STM32F4xx/Include -I../Drivers/CMSIS/Include -I"C:/DATA/SOC_workspace/stm32/Personal_Project_Car/app" -I"C:/DATA/SOC_workspace/stm32/Personal_Project_Car/app/common" -I"C:/DATA/SOC_workspace/stm32/Personal_Project_Car/app/hw" -I"C:/DATA/SOC_workspace/stm32/Personal_Project_Car/app/hw/driver" -O0 -ffunction-sections -fdata-sections -Wall -fstack-usage -fcyclomatic-complexity -MMD -MP -MF"Core/Src/main.d" -MT"Core/Src/main.o" --specs=nano.specs -mfpu=fpv4-sp-d16 -mfloat-abi=hard -mthumb -o "Core/Src/main.o"
arm-none-eabi-gcc -o "Personal_Project_Car.elf" @"objects.list"   -mcpu=cortex-m4 -T"C:\DATA\SOC_workspace\stm32\Personal_Project_Car\STM32F411RETX_FLASH.ld" --specs=nosys.specs -Wl,-Map="Personal_Project_Car.map" -Wl,--gc-sections -static --specs=nano.specs -mfpu=fpv4-sp-d16 -mfloat-abi=hard -mthumb -Wl,--start-group -lc -lm -Wl,--end-group
Finished building target: Personal_Project_Car.elf
 
arm-none-eabi-size  Personal_Project_Car.elf 
arm-none-eabi-objdump -h -S Personal_Project_Car.elf  > "Personal_Project_Car.list"
   text	   data	    bss	    dec	    hex	filename
  17292	     12	   2156	  19460	   4c04	Personal_Project_Car.elf
Finished building: default.size.stdout
 
Finished building: Personal_Project_Car.list
 

11:48:33 Build Finished. 0 errors, 0 warnings. (took 1s.623ms)

